<html>
<body>
<pre>
<h1>µVision Build Log</h1>
<h2>Project:</h2>
E:\chke\STM32\ultrasonic\USER\LCD.uvproj
Project File Date:  10/04/2014

<h2>Output:</h2>
Build target 'Target 1'
compiling main.c...
compiling stm32f10x_it.c...
compiling system_stm32f10x.c...
compiling led.c...
compiling key.c...
compiling lcd.c...
compiling timer4_cap.c...
compiling UltrasonicWave.c...
compiling delay.c...
compiling sys.c...
compiling usart.c...
compiling core_cm3.c...
compiling misc.c...
compiling stm32f10x_fsmc.c...
compiling stm32f10x_gpio.c...
compiling stm32f10x_rcc.c...
compiling stm32f10x_usart.c...
compiling stm32f10x_tim.c...
linking...
Program Size: Code=20948 RO-data=3056 RW-data=124 ZI-data=1852  
FromELF: creating hex file...
"..\OBJ\LCD.axf" - 0 Error(s), 0 Warning(s).
Build target 'Target 1'
compiling UltrasonicWave.c...
linking...
Program Size: Code=20952 RO-data=3056 RW-data=124 ZI-data=1852  
FromELF: creating hex file...
"..\OBJ\LCD.axf" - 0 Error(s), 0 Warning(s).
Build target 'Target 1'
compiling UltrasonicWave.c...
linking...
Program Size: Code=20948 RO-data=3056 RW-data=124 ZI-data=1852  
FromELF: creating hex file...
"..\OBJ\LCD.axf" - 0 Error(s), 0 Warning(s).
Build target 'Target 1'
compiling UltrasonicWave.c...
linking...
Program Size: Code=20948 RO-data=3056 RW-data=124 ZI-data=1852  
FromELF: creating hex file...
"..\OBJ\LCD.axf" - 0 Error(s), 0 Warning(s).
Build target 'Target 1'
compiling UltrasonicWave.c...
linking...
Program Size: Code=20948 RO-data=3056 RW-data=124 ZI-data=1852  
FromELF: creating hex file...
"..\OBJ\LCD.axf" - 0 Error(s), 0 Warning(s).
Build target 'Target 1'
compiling main.c...
linking...
Program Size: Code=20952 RO-data=3056 RW-data=124 ZI-data=1852  
FromELF: creating hex file...
"..\OBJ\LCD.axf" - 0 Error(s), 0 Warning(s).
Build target 'Target 1'
compiling main.c...
linking...
Program Size: Code=20956 RO-data=3056 RW-data=124 ZI-data=1852  
FromELF: creating hex file...
"..\OBJ\LCD.axf" - 0 Error(s), 0 Warning(s).
Build target 'Target 1'
compiling main.c...
main.c(15): warning:  #177-D: variable "x" was declared but never referenced
linking...
Program Size: Code=20944 RO-data=3056 RW-data=124 ZI-data=1852  
FromELF: creating hex file...
"..\OBJ\LCD.axf" - 0 Error(s), 1 Warning(s).
Build target 'Target 1'
compiling main.c...
linking...
Program Size: Code=20944 RO-data=3056 RW-data=124 ZI-data=1852  
FromELF: creating hex file...
"..\OBJ\LCD.axf" - 0 Error(s), 0 Warning(s).
Build target 'Target 1'
compiling main.c...
linking...
Program Size: Code=20940 RO-data=3056 RW-data=124 ZI-data=1852  
FromELF: creating hex file...
"..\OBJ\LCD.axf" - 0 Error(s), 0 Warning(s).
Build target 'Target 1'
compiling main.c...
linking...
Program Size: Code=20944 RO-data=3056 RW-data=124 ZI-data=1852  
FromELF: creating hex file...
"..\OBJ\LCD.axf" - 0 Error(s), 0 Warning(s).
Build target 'Target 1'
compiling timer4_cap.c...
linking...
Program Size: Code=23060 RO-data=3056 RW-data=124 ZI-data=1852  
FromELF: creating hex file...
"..\OBJ\LCD.axf" - 0 Error(s), 0 Warning(s).
Build target 'Target 1'
compiling timer4_cap.c...
linking...
Program Size: Code=20944 RO-data=3056 RW-data=124 ZI-data=1852  
FromELF: creating hex file...
"..\OBJ\LCD.axf" - 0 Error(s), 0 Warning(s).
Build target 'Target 1'
compiling main.c...
linking...
Program Size: Code=20940 RO-data=3056 RW-data=124 ZI-data=1852  
FromELF: creating hex file...
"..\OBJ\LCD.axf" - 0 Error(s), 0 Warning(s).
Build target 'Target 1'
compiling main.c...
compiling UltrasonicWave.c...
linking...
Program Size: Code=20944 RO-data=3056 RW-data=124 ZI-data=1852  
FromELF: creating hex file...
"..\OBJ\LCD.axf" - 0 Error(s), 0 Warning(s).
Build target 'Target 1'
compiling timer4_cap.c...
..\HARDWARE\TIM4-capture\timer4_cap.c(232): warning:  #223-D: function "delay_ms" declared implicitly
compiling UltrasonicWave.c...
linking...
Program Size: Code=20940 RO-data=3056 RW-data=124 ZI-data=1852  
FromELF: creating hex file...
"..\OBJ\LCD.axf" - 0 Error(s), 1 Warning(s).
Build target 'Target 1'
compiling timer4_cap.c...
linking...
Program Size: Code=20940 RO-data=3056 RW-data=124 ZI-data=1852  
FromELF: creating hex file...
"..\OBJ\LCD.axf" - 0 Error(s), 0 Warning(s).
Build target 'Target 1'
compiling timer4_cap.c...
linking...
Program Size: Code=20936 RO-data=3056 RW-data=124 ZI-data=1852  
FromELF: creating hex file...
"..\OBJ\LCD.axf" - 0 Error(s), 0 Warning(s).
Build target 'Target 1'
compiling main.c...
linking...
Program Size: Code=20944 RO-data=3056 RW-data=124 ZI-data=1852  
FromELF: creating hex file...
"..\OBJ\LCD.axf" - 0 Error(s), 0 Warning(s).
Build target 'Target 1'
linking...
Program Size: Code=20944 RO-data=3056 RW-data=124 ZI-data=1852  
FromELF: creating hex file...
"..\OBJ\ultrasonic.axf" - 0 Error(s), 0 Warning(s).
