<html>
<body>
<pre>
<h1>µVision Build Log</h1>
<h2>Tool Versions:</h2>
IDE-Version: ¦ÌVision V5.25.2.0
Copyright (C) 2018 ARM Ltd and ARM Germany GmbH. All rights reserved.
License Information: shen ying, huilong, LIC=UB463-AAVDJ-5A9DF-6BTKL-9LM2F-L7CIP
 
Tool Versions:
Toolchain:       MDK-ARM Professional  Version: 5.25.2.0
Toolchain Path:  D:\Keil_v5\ARM\ARMCC\Bin
C Compiler:      Armcc.exe V5.06 update 6 (build 750)
Assembler:       Armasm.exe V5.06 update 6 (build 750)
Linker/Locator:  ArmLink.exe V5.06 update 6 (build 750)
Library Manager: ArmAr.exe V5.06 update 6 (build 750)
Hex Converter:   FromElf.exe V5.06 update 6 (build 750)
CPU DLL:         SARMCM3.DLL V5.25.2.0
Dialog DLL:      DCM.DLL V1.17.1.0
Target DLL:      Segger\JL2CM3.dll V2.99.29.0
Dialog DLL:      TCM.DLL V1.35.1.0
 
<h2>Project:</h2>
E:\chke\doc&pro\air_cleaner\Air_cleaner-master\USER\Air_cleaner.uvprojx
Project File Date:  08/02/2018

<h2>Output:</h2>
*** Using Compiler 'V5.06 update 6 (build 750)', folder: 'D:\Keil_v5\ARM\ARMCC\Bin'
Build target 'Target 1'
compiling main.c...
main.c(43): warning:  #513-D: a value of type "u8 *" cannot be assigned to an entity of type "char *"
  	if(NULL == (deviceid = (u8*)malloc(sizeof(char)*25)))
main.c(99): warning:  #513-D: a value of type "u8 *" cannot be assigned to an entity of type "char *"
  				pconnect_msg = make_msg("connect",1,deviceid," ",1,"success",0);	
main.c(115): warning:  #513-D: a value of type "u8 *" cannot be assigned to an entity of type "char *"
  					pconnect_msg = make_msg("health",1,deviceid," ",1,"success",0);	
main.c(190): warning:  #111-D: statement is unreachable
  	free(deviceid);
main.c(20): warning:  #177-D: variable "val"  was declared but never referenced
  	uint16_t val = 0;
main.c(21): warning:  #177-D: variable "dir"  was declared but never referenced
  	uint8_t dir = 1;
main.c(196): warning:  #1-D: last line of file ends without a newline
  }
main.c: 7 warnings, 0 errors
linking...
Program Size: Code=38052 RO-data=9108 RW-data=188 ZI-data=8804  
FromELF: creating hex file...
"..\OBJ\ultrasonic.axf" - 0 Error(s), 7 Warning(s).

<h2>Software Packages used:</h2>

Package Vendor: ARM
                http://www.keil.com/pack/ARM.CMSIS.5.3.0.pack
                ARM.CMSIS.5.3.0
                CMSIS (Cortex Microcontroller Software Interface Standard)
   * Component: CORE Version: 5.1.1

Package Vendor: Keil
                http://www.keil.com/pack/Keil.STM32F1xx_DFP.2.2.0.pack
                Keil.STM32F1xx_DFP.2.2.0
                STMicroelectronics STM32F1 Series Device Support, Drivers and Examples

<h2>Collection of Component include folders:</h2>
  .\RTE\_Target_1
  D:\Keil_v5\ARM\PACK\ARM\CMSIS\5.3.0\CMSIS\Include
  D:\Keil_v5\ARM\PACK\Keil\STM32F1xx_DFP\2.2.0\Device\Include

<h2>Collection of Component Files used:</h2>

   * Component: ARM::CMSIS:CORE:5.1.1
Build Time Elapsed:  00:00:02
</pre>
</body>
</html>
